Archive member included to satisfy reference by file (symbol)

/usr/local/Cellar/arm-none-eabi-gcc/8-2018-q4-major/gcc/bin/../lib/gcc/arm-none-eabi/8.2.1/thumb/v7e-m+dp/hard/libgcc.a(_aeabi_ldivmod.o)
                              build/stm32/periph/src/stm32f7xx_hal_rcc.o (__aeabi_ldivmod)
/usr/local/Cellar/arm-none-eabi-gcc/8-2018-q4-major/gcc/bin/../lib/gcc/arm-none-eabi/8.2.1/thumb/v7e-m+dp/hard/libgcc.a(_aeabi_uldivmod.o)
                              build/stm32/periph/src/stm32f7xx_hal_rcc.o (__aeabi_uldivmod)
/usr/local/Cellar/arm-none-eabi-gcc/8-2018-q4-major/gcc/bin/../lib/gcc/arm-none-eabi/8.2.1/thumb/v7e-m+dp/hard/libgcc.a(_udivmoddi4.o)
                              /usr/local/Cellar/arm-none-eabi-gcc/8-2018-q4-major/gcc/bin/../lib/gcc/arm-none-eabi/8.2.1/thumb/v7e-m+dp/hard/libgcc.a(_aeabi_ldivmod.o) (__udivmoddi4)
/usr/local/Cellar/arm-none-eabi-gcc/8-2018-q4-major/gcc/bin/../lib/gcc/arm-none-eabi/8.2.1/thumb/v7e-m+dp/hard/libgcc.a(_dvmd_tls.o)
                              /usr/local/Cellar/arm-none-eabi-gcc/8-2018-q4-major/gcc/bin/../lib/gcc/arm-none-eabi/8.2.1/thumb/v7e-m+dp/hard/libgcc.a(_aeabi_ldivmod.o) (__aeabi_ldiv0)
/usr/local/Cellar/arm-none-eabi-gcc/8-2018-q4-major/gcc/bin/../lib/gcc/arm-none-eabi/8.2.1/../../../../arm-none-eabi/lib/thumb/v7e-m+dp/hard/libc_nano.a(lib_a-exit.o)
                              /usr/local/Cellar/arm-none-eabi-gcc/8-2018-q4-major/gcc/bin/../lib/gcc/arm-none-eabi/8.2.1/../../../../arm-none-eabi/lib/thumb/v7e-m+dp/hard/crt0.o (exit)
/usr/local/Cellar/arm-none-eabi-gcc/8-2018-q4-major/gcc/bin/../lib/gcc/arm-none-eabi/8.2.1/../../../../arm-none-eabi/lib/thumb/v7e-m+dp/hard/libc_nano.a(lib_a-impure.o)
                              /usr/local/Cellar/arm-none-eabi-gcc/8-2018-q4-major/gcc/bin/../lib/gcc/arm-none-eabi/8.2.1/../../../../arm-none-eabi/lib/thumb/v7e-m+dp/hard/libc_nano.a(lib_a-exit.o) (_global_impure_ptr)
/usr/local/Cellar/arm-none-eabi-gcc/8-2018-q4-major/gcc/bin/../lib/gcc/arm-none-eabi/8.2.1/../../../../arm-none-eabi/lib/thumb/v7e-m+dp/hard/libc_nano.a(lib_a-init.o)
                              /usr/local/Cellar/arm-none-eabi-gcc/8-2018-q4-major/gcc/bin/../lib/gcc/arm-none-eabi/8.2.1/../../../../arm-none-eabi/lib/thumb/v7e-m+dp/hard/crt0.o (__libc_init_array)
/usr/local/Cellar/arm-none-eabi-gcc/8-2018-q4-major/gcc/bin/../lib/gcc/arm-none-eabi/8.2.1/../../../../arm-none-eabi/lib/thumb/v7e-m+dp/hard/libc_nano.a(lib_a-memset.o)
                              /usr/local/Cellar/arm-none-eabi-gcc/8-2018-q4-major/gcc/bin/../lib/gcc/arm-none-eabi/8.2.1/../../../../arm-none-eabi/lib/thumb/v7e-m+dp/hard/crt0.o (memset)

Discarded input sections

 .text          0x0000000000000000        0x0 /usr/local/Cellar/arm-none-eabi-gcc/8-2018-q4-major/gcc/bin/../lib/gcc/arm-none-eabi/8.2.1/thumb/v7e-m+dp/hard/crti.o
 .data          0x0000000000000000        0x0 /usr/local/Cellar/arm-none-eabi-gcc/8-2018-q4-major/gcc/bin/../lib/gcc/arm-none-eabi/8.2.1/thumb/v7e-m+dp/hard/crti.o
 .bss           0x0000000000000000        0x0 /usr/local/Cellar/arm-none-eabi-gcc/8-2018-q4-major/gcc/bin/../lib/gcc/arm-none-eabi/8.2.1/thumb/v7e-m+dp/hard/crti.o
 .data          0x0000000000000000        0x4 /usr/local/Cellar/arm-none-eabi-gcc/8-2018-q4-major/gcc/bin/../lib/gcc/arm-none-eabi/8.2.1/thumb/v7e-m+dp/hard/crtbegin.o
 .text          0x0000000000000000       0x74 /usr/local/Cellar/arm-none-eabi-gcc/8-2018-q4-major/gcc/bin/../lib/gcc/arm-none-eabi/8.2.1/../../../../arm-none-eabi/lib/thumb/v7e-m+dp/hard/crt0.o
 .data          0x0000000000000000        0x0 /usr/local/Cellar/arm-none-eabi-gcc/8-2018-q4-major/gcc/bin/../lib/gcc/arm-none-eabi/8.2.1/../../../../arm-none-eabi/lib/thumb/v7e-m+dp/hard/crt0.o
 .bss           0x0000000000000000        0x0 /usr/local/Cellar/arm-none-eabi-gcc/8-2018-q4-major/gcc/bin/../lib/gcc/arm-none-eabi/8.2.1/../../../../arm-none-eabi/lib/thumb/v7e-m+dp/hard/crt0.o
 .ARM.extab     0x0000000000000000        0x0 /usr/local/Cellar/arm-none-eabi-gcc/8-2018-q4-major/gcc/bin/../lib/gcc/arm-none-eabi/8.2.1/../../../../arm-none-eabi/lib/thumb/v7e-m+dp/hard/crt0.o
 .ARM.exidx     0x0000000000000000        0x8 /usr/local/Cellar/arm-none-eabi-gcc/8-2018-q4-major/gcc/bin/../lib/gcc/arm-none-eabi/8.2.1/../../../../arm-none-eabi/lib/thumb/v7e-m+dp/hard/crt0.o
 .ARM.attributes
                0x0000000000000000       0x1c /usr/local/Cellar/arm-none-eabi-gcc/8-2018-q4-major/gcc/bin/../lib/gcc/arm-none-eabi/8.2.1/../../../../arm-none-eabi/lib/thumb/v7e-m+dp/hard/crt0.o
 .text          0x0000000000000000        0x0 build/stm32/periph/src/stm32f7xx_hal.o
 .data          0x0000000000000000        0x0 build/stm32/periph/src/stm32f7xx_hal.o
 .bss           0x0000000000000000        0x0 build/stm32/periph/src/stm32f7xx_hal.o
 .text.HAL_MspInit
                0x0000000000000000        0x2 build/stm32/periph/src/stm32f7xx_hal.o
 .text.HAL_MspDeInit
                0x0000000000000000        0x2 build/stm32/periph/src/stm32f7xx_hal.o
 .text.HAL_DeInit
[...]
Memory Configuration

Name             Origin             Length             Attributes
RAM              0x0000000020000000 0x0000000000040000 xrw
FLASH            0x0000000008000000 0x0000000000010000 xr
ITCMRAM          0x0000000000000000 0x0000000000004000 xrw
*default*        0x0000000000000000 0xffffffffffffffff

Linker script and memory map

LOAD /usr/local/Cellar/arm-none-eabi-gcc/8-2018-q4-major/gcc/bin/../lib/gcc/arm-none-eabi/8.2.1/thumb/v7e-m+dp/hard/crti.o
LOAD /usr/local/Cellar/arm-none-eabi-gcc/8-2018-q4-major/gcc/bin/../lib/gcc/arm-none-eabi/8.2.1/thumb/v7e-m+dp/hard/crtbegin.o
LOAD /usr/local/Cellar/arm-none-eabi-gcc/8-2018-q4-major/gcc/bin/../lib/gcc/arm-none-eabi/8.2.1/../../../../arm-none-eabi/lib/thumb/v7e-m+dp/hard/crt0.o
LOAD build/stm32/periph/src/stm32f7xx_hal.o
LOAD build/stm32/periph/src/stm32f7xx_hal_adc.o
LOAD build/stm32/periph/src/stm32f7xx_hal_adc_ex.o
LOAD build/stm32/periph/src/stm32f7xx_hal_cortex.o
LOAD build/stm32/periph/src/stm32f7xx_hal_dma.o
LOAD build/stm32/periph/src/stm32f7xx_hal_dma_ex.o
LOAD build/stm32/periph/src/stm32f7xx_hal_flash.o
LOAD build/stm32/periph/src/stm32f7xx_hal_flash_ex.o
LOAD build/stm32/periph/src/stm32f7xx_hal_gpio.o
LOAD build/stm32/periph/src/stm32f7xx_hal_i2c.o
LOAD build/stm32/periph/src/stm32f7xx_hal_i2c_ex.o
LOAD build/stm32/periph/src/stm32f7xx_hal_i2s.o
LOAD build/stm32/periph/src/stm32f7xx_hal_pwr.o
LOAD build/stm32/periph/src/stm32f7xx_hal_pwr_ex.o
LOAD build/stm32/periph/src/stm32f7xx_hal_rcc.o
LOAD build/stm32/periph/src/stm32f7xx_hal_rcc_ex.o
LOAD build/stm32/periph/src/stm32f7xx_hal_spi.o
LOAD build/stm32/periph/src/stm32f7xx_hal_tim.o
LOAD build/stm32/periph/src/stm32f7xx_hal_tim_ex.o
LOAD build/stm32/device/src/startup_stm32f730xx.o
LOAD build/stm32/device/src/system_stm32f7xx.o
LOAD build/src/audio.o
LOAD build/src/main.o
LOAD build/src/params.o
LOAD build/src/drivers/adc_builtin_driver.o
LOAD build/src/drivers/codec_i2c.o
LOAD build/src/drivers/codec_i2sx2.o
LOAD build/src/drivers/rotary_driver.o
START GROUP
LOAD /usr/local/Cellar/arm-none-eabi-gcc/8-2018-q4-major/gcc/bin/../lib/gcc/arm-none-eabi/8.2.1/thumb/v7e-m+dp/hard/libgcc.a
LOAD /usr/local/Cellar/arm-none-eabi-gcc/8-2018-q4-major/gcc/bin/../lib/gcc/arm-none-eabi/8.2.1/../../../../arm-none-eabi/lib/thumb/v7e-m+dp/hard/libc_nano.a
END GROUP
START GROUP
LOAD /usr/local/Cellar/arm-none-eabi-gcc/8-2018-q4-major/gcc/bin/../lib/gcc/arm-none-eabi/8.2.1/thumb/v7e-m+dp/hard/libgcc.a
LOAD /usr/local/Cellar/arm-none-eabi-gcc/8-2018-q4-major/gcc/bin/../lib/gcc/arm-none-eabi/8.2.1/../../../../arm-none-eabi/lib/thumb/v7e-m+dp/hard/libc_nano.a
END GROUP
LOAD /usr/local/Cellar/arm-none-eabi-gcc/8-2018-q4-major/gcc/bin/../lib/gcc/arm-none-eabi/8.2.1/thumb/v7e-m+dp/hard/crtend.o
LOAD /usr/local/Cellar/arm-none-eabi-gcc/8-2018-q4-major/gcc/bin/../lib/gcc/arm-none-eabi/8.2.1/thumb/v7e-m+dp/hard/crtn.o
                0x0000000020040000                _estack = 0x20040000
                0x0000000000000400                _Min_Heap_Size = 0x400
                0x0000000000000800                _Min_Stack_Size = 0x800

.isr_vector     0x0000000008000000      0x1e0
                0x0000000008000000                . = ALIGN (0x4)
 *(.isr_vector)
 .isr_vector    0x0000000008000000      0x1e0 build/stm32/device/src/startup_stm32f730xx.o
                0x0000000008000000                g_pfnVectors
                0x00000000080001e0                . = ALIGN (0x4)

.text           0x00000000080001e0      0x37c
                0x00000000080001e0                . = ALIGN (0x4)
 *(.text)
 .text          0x00000000080001e0       0x40 /usr/local/Cellar/arm-none-eabi-gcc/8-2018-q4-major/gcc/bin/../lib/gcc/arm-none-eabi/8.2.1/thumb/v7e-m+dp/hard/crtbegin.o
 *(.text*)
 .text.HAL_I2S_MspInit
                0x0000000008000220        0x2 build/stm32/periph/src/stm32f7xx_hal_i2s.o
                0x0000000008000220                HAL_I2S_MspInit
 *fill*         0x0000000008000222        0x2 
 .text.HAL_I2S_Init
                0x0000000008000224      0x100 build/stm32/periph/src/stm32f7xx_hal_i2s.o
                0x0000000008000224                HAL_I2S_Init
 .text.Reset_Handler
                0x0000000008000324       0x50 build/stm32/device/src/startup_stm32f730xx.o
                0x0000000008000324                Reset_Handler
 .text.Default_Handler
                0x0000000008000374        0x2 build/stm32/device/src/startup_stm32f730xx.o
                0x0000000008000374                DMA1_Stream3_IRQHandler
                0x0000000008000374                EXTI2_IRQHandler
                0x0000000008000374                TIM8_CC_IRQHandler
                0x0000000008000374                DebugMon_Handler
                0x0000000008000374                UART8_IRQHandler
                0x0000000008000374                SPI4_IRQHandler
                0x0000000008000374                TIM1_CC_IRQHandler
                0x0000000008000374                DMA2_Stream5_IRQHandler
                0x0000000008000374                HardFault_Handler
                0x0000000008000374                DMA1_Stream5_IRQHandler
                0x0000000008000374                SysTick_Handler
                0x0000000008000374                PVD_IRQHandler
                0x0000000008000374                TAMP_STAMP_IRQHandler
                0x0000000008000374                PendSV_Handler
                0x0000000008000374                NMI_Handler
                0x0000000008000374                EXTI3_IRQHandler
                0x0000000008000374                TIM8_TRG_COM_TIM14_IRQHandler
                0x0000000008000374                TIM1_UP_TIM10_IRQHandler
                0x0000000008000374                TIM8_UP_TIM13_IRQHandler
                0x0000000008000374                I2C3_ER_IRQHandler
                0x0000000008000374                EXTI0_IRQHandler
                0x0000000008000374                I2C2_EV_IRQHandler
                0x0000000008000374                DMA1_Stream2_IRQHandler
                0x0000000008000374                CAN1_RX0_IRQHandler
                0x0000000008000374                FPU_IRQHandler
                0x0000000008000374                OTG_HS_WKUP_IRQHandler
                0x0000000008000374                UsageFault_Handler
                0x0000000008000374                DMA2_Stream2_IRQHandler
                0x0000000008000374                SPI1_IRQHandler
                0x0000000008000374                TIM6_DAC_IRQHandler
                0x0000000008000374                TIM1_BRK_TIM9_IRQHandler
                0x0000000008000374                DMA2_Stream3_IRQHandler
                0x0000000008000374                SAI2_IRQHandler
                0x0000000008000374                USART6_IRQHandler
                0x0000000008000374                USART3_IRQHandler
                0x0000000008000374                CAN1_RX1_IRQHandler
                0x0000000008000374                UART5_IRQHandler
                0x0000000008000374                DMA2_Stream0_IRQHandler
                0x0000000008000374                TIM4_IRQHandler
                0x0000000008000374                QUADSPI_IRQHandler
                0x0000000008000374                I2C1_EV_IRQHandler
                0x0000000008000374                DMA1_Stream6_IRQHandler
                0x0000000008000374                DMA1_Stream1_IRQHandler
                0x0000000008000374                UART4_IRQHandler
                0x0000000008000374                TIM3_IRQHandler
                0x0000000008000374                RCC_IRQHandler
                0x0000000008000374                TIM8_BRK_TIM12_IRQHandler
                0x0000000008000374                Default_Handler
                0x0000000008000374                EXTI15_10_IRQHandler
                0x0000000008000374                ADC_IRQHandler
                0x0000000008000374                DMA1_Stream7_IRQHandler
                0x0000000008000374                SPI5_IRQHandler
                0x0000000008000374                TIM7_IRQHandler
                0x0000000008000374                SDMMC1_IRQHandler
                0x0000000008000374                TIM5_IRQHandler
                0x0000000008000374                DMA2_Stream7_IRQHandler
                0x0000000008000374                I2C3_EV_IRQHandler
                0x0000000008000374                EXTI9_5_IRQHandler
                0x0000000008000374                RTC_WKUP_IRQHandler
                0x0000000008000374                SPI2_IRQHandler
                0x0000000008000374                OTG_HS_EP1_IN_IRQHandler
                0x0000000008000374                MemManage_Handler
                0x0000000008000374                DMA1_Stream0_IRQHandler
                0x0000000008000374                CAN1_TX_IRQHandler
                0x0000000008000374                SVC_Handler
                0x0000000008000374                EXTI4_IRQHandler
                0x0000000008000374                RNG_IRQHandler
                0x0000000008000374                OTG_HS_EP1_OUT_IRQHandler
                0x0000000008000374                WWDG_IRQHandler
                0x0000000008000374                TIM2_IRQHandler
                0x0000000008000374                OTG_FS_WKUP_IRQHandler
                0x0000000008000374                TIM1_TRG_COM_TIM11_IRQHandler
                0x0000000008000374                OTG_HS_IRQHandler
                0x0000000008000374                EXTI1_IRQHandler
                0x0000000008000374                SDMMC2_IRQHandler
                0x0000000008000374                AES_IRQHandler
                0x0000000008000374                UART7_IRQHandler
                0x0000000008000374                USART2_IRQHandler
                0x0000000008000374                I2C2_ER_IRQHandler
                0x0000000008000374                DMA2_Stream1_IRQHandler
                0x0000000008000374                CAN1_SCE_IRQHandler
                0x0000000008000374                FLASH_IRQHandler
                0x0000000008000374                DMA2_Stream4_IRQHandler
                0x0000000008000374                BusFault_Handler
                0x0000000008000374                USART1_IRQHandler
                0x0000000008000374                OTG_FS_IRQHandler
                0x0000000008000374                SPI3_IRQHandler
                0x0000000008000374                DMA1_Stream4_IRQHandler
                0x0000000008000374                I2C1_ER_IRQHandler
                0x0000000008000374                FMC_IRQHandler
                0x0000000008000374                LPTIM1_IRQHandler
                0x0000000008000374                DMA2_Stream6_IRQHandler
                0x0000000008000374                SAI1_IRQHandler
                0x0000000008000374                RTC_Alarm_IRQHandler
 *fill*         0x0000000008000376        0x2 
 .text.SystemInit
                0x0000000008000378       0x50 build/stm32/device/src/system_stm32f7xx.o
                0x0000000008000378                SystemInit
 .text._ZN5Audio7processEP5FrameS1_
                0x00000000080003c8        0x4 build/src/audio.o
                0x00000000080003c8                Audio::process(Frame*, Frame*)
 .text._ZN5AudioC2Ev
                0x00000000080003cc       0x18 build/src/audio.o
                0x00000000080003cc                Audio::Audio()
                0x00000000080003cc                Audio::Audio()
 .text._ZN5Audio17register_callbackEPFvP5FrameS1_E
                0x00000000080003e4        0x8 build/src/audio.o
                0x00000000080003e4                Audio::register_callback(void (*)(Frame*, Frame*))
 .text._Z10audio_loopP5FrameS0_
                0x00000000080003ec       0x20 build/src/main.o
                0x00000000080003ec                audio_loop(Frame*, Frame*)
 .text.startup.main
                0x000000000800040c       0x1c build/src/main.o
                0x000000000800040c                main
 .text.startup._GLOBAL__sub_I_system
                0x0000000008000428        0xc build/src/main.o
 .text._ZN6Params6updateEv
                0x0000000008000434        0x4 build/src/params.o
                0x0000000008000434                Params::update()
 .text._ZN6Params4readEv
                0x0000000008000438        0x4 build/src/params.o
                0x0000000008000438                Params::read()
 .text.set_audio_callback
                0x000000000800043c        0x4 build/src/drivers/codec_i2sx2.o
                0x000000000800043c                set_audio_callback
 .text.init_audio_DMA
                0x0000000008000440       0xbc build/src/drivers/codec_i2sx2.o
                0x0000000008000440                init_audio_DMA
 .text.__libc_init_array
                0x00000000080004fc       0x48 /usr/local/Cellar/arm-none-eabi-gcc/8-2018-q4-major/gcc/bin/../lib/gcc/arm-none-eabi/8.2.1/../../../../arm-none-eabi/lib/thumb/v7e-m+dp/hard/libc_nano.a(lib_a-init.o)
                0x00000000080004fc                __libc_init_array
 *(.glue_7)
 .glue_7        0x0000000008000544        0x0 linker stubs
 *(.glue_7t)
 .glue_7t       0x0000000008000544        0x0 linker stubs
 *(.eh_frame)
 .eh_frame      0x0000000008000544        0x0 /usr/local/Cellar/arm-none-eabi-gcc/8-2018-q4-major/gcc/bin/../lib/gcc/arm-none-eabi/8.2.1/thumb/v7e-m+dp/hard/crtbegin.o
 *(.init)
 .init          0x0000000008000544        0x4 /usr/local/Cellar/arm-none-eabi-gcc/8-2018-q4-major/gcc/bin/../lib/gcc/arm-none-eabi/8.2.1/thumb/v7e-m+dp/hard/crti.o
                0x0000000008000544                _init
 .init          0x0000000008000548        0x8 /usr/local/Cellar/arm-none-eabi-gcc/8-2018-q4-major/gcc/bin/../lib/gcc/arm-none-eabi/8.2.1/thumb/v7e-m+dp/hard/crtn.o
 *(.fini)
 .fini          0x0000000008000550        0x4 /usr/local/Cellar/arm-none-eabi-gcc/8-2018-q4-major/gcc/bin/../lib/gcc/arm-none-eabi/8.2.1/thumb/v7e-m+dp/hard/crti.o
                0x0000000008000550                _fini
 .fini          0x0000000008000554        0x8 /usr/local/Cellar/arm-none-eabi-gcc/8-2018-q4-major/gcc/bin/../lib/gcc/arm-none-eabi/8.2.1/thumb/v7e-m+dp/hard/crtn.o
                0x000000000800055c                . = ALIGN (0x4)
                0x000000000800055c                _etext = .

.vfp11_veneer   0x000000000800055c        0x0
 .vfp11_veneer  0x000000000800055c        0x0 linker stubs

.v4_bx          0x000000000800055c        0x0
 .v4_bx         0x000000000800055c        0x0 linker stubs

.iplt           0x000000000800055c        0x0
 .iplt          0x000000000800055c        0x0 /usr/local/Cellar/arm-none-eabi-gcc/8-2018-q4-major/gcc/bin/../lib/gcc/arm-none-eabi/8.2.1/thumb/v7e-m+dp/hard/crtbegin.o

.rel.dyn        0x000000000800055c        0x0
 .rel.iplt      0x000000000800055c        0x0 /usr/local/Cellar/arm-none-eabi-gcc/8-2018-q4-major/gcc/bin/../lib/gcc/arm-none-eabi/8.2.1/thumb/v7e-m+dp/hard/crtbegin.o

.rodata         0x000000000800055c        0x0
                0x000000000800055c                . = ALIGN (0x4)
 *(.rodata)
 *(.rodata*)
                0x000000000800055c                . = ALIGN (0x4)

.ARM.extab
 *(.ARM.extab* .gnu.linkonce.armextab.*)

.ARM            0x000000000800055c        0x0
                0x000000000800055c                __exidx_start = .
 *(.ARM.exidx*)
                0x000000000800055c                __exidx_end = .

.preinit_array  0x000000000800055c        0x0
                0x000000000800055c                PROVIDE (__preinit_array_start = .)
 *(.preinit_array*)
                0x000000000800055c                PROVIDE (__preinit_array_end = .)

.init_array     0x000000000800055c        0x8
                0x000000000800055c                PROVIDE (__init_array_start = .)
 *(SORT_BY_NAME(.init_array.*))
 *(.init_array*)
 .init_array    0x000000000800055c        0x4 /usr/local/Cellar/arm-none-eabi-gcc/8-2018-q4-major/gcc/bin/../lib/gcc/arm-none-eabi/8.2.1/thumb/v7e-m+dp/hard/crtbegin.o
 .init_array    0x0000000008000560        0x4 build/src/main.o
                0x0000000008000564                PROVIDE (__init_array_end = .)

.fini_array     0x0000000008000564        0x4
                [!provide]                        PROVIDE (__fini_array_start = .)
 *(SORT_BY_NAME(.fini_array.*))
 *(.fini_array*)
 .fini_array    0x0000000008000564        0x4 /usr/local/Cellar/arm-none-eabi-gcc/8-2018-q4-major/gcc/bin/../lib/gcc/arm-none-eabi/8.2.1/thumb/v7e-m+dp/hard/crtbegin.o
                [!provide]                        PROVIDE (__fini_array_end = .)
                0x0000000008000568                _sidata = LOADADDR (.data)

.data           0x0000000020000000        0x0 load address 0x0000000008000568
                0x0000000020000000                . = ALIGN (0x4)
                0x0000000020000000                _sdata = .
 *(.data)
 *(.data*)
                0x0000000020000000                . = ALIGN (0x4)
                0x0000000020000000                _edata = .

.igot.plt       0x0000000020000000        0x0 load address 0x0000000008000568
 .igot.plt      0x0000000020000000        0x0 /usr/local/Cellar/arm-none-eabi-gcc/8-2018-q4-major/gcc/bin/../lib/gcc/arm-none-eabi/8.2.1/thumb/v7e-m+dp/hard/crtbegin.o
                0x0000000020000000                . = ALIGN (0x4)

.bss            0x0000000020000000       0xb4 load address 0x0000000008000568
                0x0000000020000000                _sbss = .
                0x0000000020000000                __bss_start__ = _sbss
 *(.bss)
 .bss           0x0000000020000000       0x1c /usr/local/Cellar/arm-none-eabi-gcc/8-2018-q4-major/gcc/bin/../lib/gcc/arm-none-eabi/8.2.1/thumb/v7e-m+dp/hard/crtbegin.o
 *(.bss*)
 .bss.ui        0x000000002000001c        0x2 build/src/main.o
                0x000000002000001c                ui
 *fill*         0x000000002000001e        0x2 
 .bss.codec_BUFF_LEN
                0x0000000020000020        0x4 build/src/drivers/codec_i2sx2.o
                0x0000000020000020                codec_BUFF_LEN
 .bss.hi2s1     0x0000000020000024       0x40 build/src/drivers/codec_i2sx2.o
                0x0000000020000024                hi2s1
 .bss.hi2s3     0x0000000020000064       0x40 build/src/drivers/codec_i2sx2.o
                0x0000000020000064                hi2s3
 .bss.rx_buffer_half
                0x00000000200000a4        0x4 build/src/drivers/codec_i2sx2.o
                0x00000000200000a4                rx_buffer_half
 .bss.rx_buffer_start
                0x00000000200000a8        0x4 build/src/drivers/codec_i2sx2.o
                0x00000000200000a8                rx_buffer_start
 .bss.tx_buffer_half
                0x00000000200000ac        0x4 build/src/drivers/codec_i2sx2.o
                0x00000000200000ac                tx_buffer_half
 .bss.tx_buffer_start
                0x00000000200000b0        0x4 build/src/drivers/codec_i2sx2.o
                0x00000000200000b0                tx_buffer_start
 *(COMMON)
                0x00000000200000b4                . = ALIGN (0x4)
                0x00000000200000b4                _ebss = .
                0x00000000200000b4                __bss_end__ = _ebss

._user_heap_stack
                0x00000000200000b4      0xc04 load address 0x0000000008000568
                0x00000000200000b8                . = ALIGN (0x8)
 *fill*         0x00000000200000b4        0x4 
                [!provide]                        PROVIDE (end = .)
                [!provide]                        PROVIDE (_end = .)
                0x00000000200004b8                . = (. + _Min_Heap_Size)
 *fill*         0x00000000200000b8      0x400 
                0x0000000020000cb8                . = (. + _Min_Stack_Size)
 *fill*         0x00000000200004b8      0x800 
                0x0000000020000cb8                . = ALIGN (0x8)

/DISCARD/
 libc.a(*)
 libm.a(*)
 libgcc.a(*)

.ARM.attributes
                0x0000000000000000       0x2e
 *(.ARM.attributes)
 .ARM.attributes
                0x0000000000000000       0x1e /usr/local/Cellar/arm-none-eabi-gcc/8-2018-q4-major/gcc/bin/../lib/gcc/arm-none-eabi/8.2.1/thumb/v7e-m+dp/hard/crti.o
 .ARM.attributes
                0x000000000000001e       0x32 /usr/local/Cellar/arm-none-eabi-gcc/8-2018-q4-major/gcc/bin/../lib/gcc/arm-none-eabi/8.2.1/thumb/v7e-m+dp/hard/crtbegin.o
 .ARM.attributes
                0x0000000000000050       0x32 build/stm32/periph/src/stm32f7xx_hal_i2s.o
 .ARM.attributes
                0x0000000000000082       0x21 build/stm32/device/src/startup_stm32f730xx.o
 .ARM.attributes
                0x00000000000000a3       0x32 build/stm32/device/src/system_stm32f7xx.o
 .ARM.attributes
                0x00000000000000d5       0x32 build/src/audio.o
 .ARM.attributes
                0x0000000000000107       0x32 build/src/main.o
 .ARM.attributes
                0x0000000000000139       0x32 build/src/params.o
 .ARM.attributes
                0x000000000000016b       0x32 build/src/drivers/codec_i2sx2.o
 .ARM.attributes
                0x000000000000019d       0x32 /usr/local/Cellar/arm-none-eabi-gcc/8-2018-q4-major/gcc/bin/../lib/gcc/arm-none-eabi/8.2.1/../../../../arm-none-eabi/lib/thumb/v7e-m+dp/hard/libc_nano.a(lib_a-init.o)
 .ARM.attributes
                0x00000000000001cf       0x1e /usr/local/Cellar/arm-none-eabi-gcc/8-2018-q4-major/gcc/bin/../lib/gcc/arm-none-eabi/8.2.1/thumb/v7e-m+dp/hard/crtn.o
OUTPUT(build/main.elf elf32-littlearm)

.debug_info     0x0000000000000000     0x6471
 .debug_info    0x0000000000000000     0x1b01 build/stm32/periph/src/stm32f7xx_hal_i2s.o
 .debug_info    0x0000000000001b01     0x100d build/stm32/device/src/system_stm32f7xx.o
 .debug_info    0x0000000000002b0e      0xbd6 build/src/audio.o
 .debug_info    0x00000000000036e4      0xcb1 build/src/main.o
 .debug_info    0x0000000000004395      0xa6a build/src/params.o
 .debug_info    0x0000000000004dff     0x1672 build/src/drivers/codec_i2sx2.o

.debug_abbrev   0x0000000000000000     0x123e
 .debug_abbrev  0x0000000000000000      0x3ec build/stm32/periph/src/stm32f7xx_hal_i2s.o
 .debug_abbrev  0x00000000000003ec      0x21a build/stm32/device/src/system_stm32f7xx.o
 .debug_abbrev  0x0000000000000606      0x2b4 build/src/audio.o
 .debug_abbrev  0x00000000000008ba      0x3a6 build/src/main.o
 .debug_abbrev  0x0000000000000c60      0x235 build/src/params.o
 .debug_abbrev  0x0000000000000e95      0x3a9 build/src/drivers/codec_i2sx2.o

.debug_loc      0x0000000000000000     0x102c
 .debug_loc     0x0000000000000000      0xc97 build/stm32/periph/src/stm32f7xx_hal_i2s.o
 .debug_loc     0x0000000000000c97      0x145 build/stm32/device/src/system_stm32f7xx.o
 .debug_loc     0x0000000000000ddc       0x6c build/src/audio.o
 .debug_loc     0x0000000000000e48       0x7e build/src/main.o
 .debug_loc     0x0000000000000ec6      0x166 build/src/drivers/codec_i2sx2.o

.debug_aranges  0x0000000000000000      0x1b8
 .debug_aranges
                0x0000000000000000       0xc0 build/stm32/periph/src/stm32f7xx_hal_i2s.o
 .debug_aranges
                0x00000000000000c0       0x28 build/stm32/device/src/system_stm32f7xx.o
 .debug_aranges
                0x00000000000000e8       0x30 build/src/audio.o
 .debug_aranges
                0x0000000000000118       0x30 build/src/main.o
 .debug_aranges
                0x0000000000000148       0x20 build/src/params.o
 .debug_aranges
                0x0000000000000168       0x50 build/src/drivers/codec_i2sx2.o

.debug_ranges   0x0000000000000000      0x1f0
 .debug_ranges  0x0000000000000000       0xc8 build/stm32/periph/src/stm32f7xx_hal_i2s.o
 .debug_ranges  0x00000000000000c8       0x18 build/stm32/device/src/system_stm32f7xx.o
 .debug_ranges  0x00000000000000e0       0x20 build/src/audio.o
 .debug_ranges  0x0000000000000100       0x20 build/src/main.o
 .debug_ranges  0x0000000000000120       0x10 build/src/params.o
 .debug_ranges  0x0000000000000130       0xc0 build/src/drivers/codec_i2sx2.o

.debug_line     0x0000000000000000     0x1dcb
 .debug_line    0x0000000000000000     0x1020 build/stm32/periph/src/stm32f7xx_hal_i2s.o
 .debug_line    0x0000000000001020      0x2f6 build/stm32/device/src/system_stm32f7xx.o
 .debug_line    0x0000000000001316      0x1db build/src/audio.o
 .debug_line    0x00000000000014f1      0x213 build/src/main.o
 .debug_line    0x0000000000001704      0x18d build/src/params.o
 .debug_line    0x0000000000001891      0x53a build/src/drivers/codec_i2sx2.o

.debug_str      0x0000000000000000     0x17ac
 .debug_str     0x0000000000000000      0xd59 build/stm32/periph/src/stm32f7xx_hal_i2s.o
                                        0xe5e (size before relaxing)
 .debug_str     0x0000000000000d59      0x253 build/stm32/device/src/system_stm32f7xx.o
                                        0x8b3 (size before relaxing)
 .debug_str     0x0000000000000fac      0x216 build/src/audio.o
                                        0x73e (size before relaxing)
 .debug_str     0x00000000000011c2       0xfa build/src/main.o
                                        0x7ec (size before relaxing)
 .debug_str     0x00000000000012bc        0xe build/src/params.o
                                        0x6bd (size before relaxing)
 .debug_str     0x00000000000012ca      0x4e2 build/src/drivers/codec_i2sx2.o
                                       0x10b8 (size before relaxing)

.comment        0x0000000000000000       0x75
 .comment       0x0000000000000000       0x75 build/stm32/periph/src/stm32f7xx_hal_i2s.o
                                         0x76 (size before relaxing)
 .comment       0x0000000000000075       0x76 build/stm32/device/src/system_stm32f7xx.o
 .comment       0x0000000000000075       0x76 build/src/audio.o
 .comment       0x0000000000000075       0x76 build/src/main.o
 .comment       0x0000000000000075       0x76 build/src/params.o
 .comment       0x0000000000000075       0x76 build/src/drivers/codec_i2sx2.o

.debug_frame    0x0000000000000000      0x4a0
 .debug_frame   0x0000000000000000      0x264 build/stm32/periph/src/stm32f7xx_hal_i2s.o
 .debug_frame   0x0000000000000264       0x40 build/stm32/device/src/system_stm32f7xx.o
 .debug_frame   0x00000000000002a4       0x48 build/src/audio.o
 .debug_frame   0x00000000000002ec       0x5c build/src/main.o
 .debug_frame   0x0000000000000348       0x30 build/src/params.o
 .debug_frame   0x0000000000000378       0xfc build/src/drivers/codec_i2sx2.o
 .debug_frame   0x0000000000000474       0x2c /usr/local/Cellar/arm-none-eabi-gcc/8-2018-q4-major/gcc/bin/../lib/gcc/arm-none-eabi/8.2.1/../../../../arm-none-eabi/lib/thumb/v7e-m+dp/hard/libc_nano.a(lib_a-init.o)
